[
    {
        "bookedAt": "2026-02-02 00:00:00",
        "valueDate": "2026-02-02",
        "ownIban": "NL57ASNB0123456789",
        "counterpartyIban": "NL67BANK0000000019",
        "counterpartyName": "Albert Heijn 4",
        "currency": "EUR",
        "amountMinor": -399,
        "sourceRef": "SDD9D566CB230FE4317A34CF519EABD504",
        "description": "Europese incasso: Betaling voor factuur-Incassant ID: NL00XXXXXXXXXXXXXX-Kenmerk Machtiging: 66CADFCDXXXXXXXXA2E117CE3F9 EREF+SDD9D566CB230FE4317A34CF519EABD504",
        "sourceRowIndex": 0
    },
    {
        "bookedAt": "2026-02-02 00:00:00",
        "valueDate": "2026-02-02",
        "ownIban": "NL57ASNB0123456789",
        "counterpartyIban": "NL40BANK0000000020",
        "counterpartyName": "Tikkie Payments",
        "currency": "EUR",
        "amountMinor": -115413,
        "sourceRef": "033427",
        "description": "Europese incasso: NL-XXXXXXXXX \/ FEBRUARI 2026 STREETNAME 54 Stichting Pensioenfonds REDACTED PERSON-Incassant ID: NL00X EREF+033427",
        "sourceRowIndex": 1
    },
    {
        "bookedAt": "2026-02-02 00:00:00",
        "valueDate": "2026-02-02",
        "ownIban": "NL57ASNB0123456789",
        "counterpartyIban": "NL40BANK0000000020",
        "counterpartyName": "Tikkie Payments",
        "currency": "EUR",
        "amountMinor": -7287,
        "sourceRef": "033815",
        "description": "Europese incasso: NL-XXXXXXXXX \/ FEBRUARI 2026 STREETNAME 0-PP06 Stichting Pensioenfonds REDACTED PERSON-Incassant ID: N EREF+033815",
        "sourceRowIndex": 2
    },
    {
        "bookedAt": "2026-02-02 00:00:00",
        "valueDate": "2026-02-02",
        "ownIban": "NL57ASNB0123456789",
        "counterpartyIban": "NL94BANK0000000018",
        "counterpartyName": "Albert Heijn 2",
        "currency": "EUR",
        "amountMinor": -17850,
        "sourceRef": "7ce99b20442e48a5942881f20014a545",
        "description": "Europese incasso: Kenmerk XXXXXXXXXXXXXXXX \/ Omschrijving Premie februari-Incassant ID: NL00XXXXXXXXXXXXXX-Kenmerk Macht EREF+7ce99b20442e48a5942881f20014a545",
        "sourceRowIndex": 3
    },
    {
        "bookedAt": "2026-02-02 00:00:00",
        "valueDate": "2026-02-02",
        "ownIban": "NL57ASNB0123456789",
        "counterpartyIban": "NL50BANK0000000034",
        "counterpartyName": "Vattenfall Energie",
        "currency": "EUR",
        "amountMinor": -5817,
        "sourceRef": "36254601",
        "description": "Europese incasso: NL-KENMERK 582759 Pakketpremie Hybride particulier Verzamelnr. XXXXXXXX Vvd. 01-02-2026 Incasso-Incass EREF+36254601",
        "sourceRowIndex": 4
    },
    {
        "bookedAt": "2026-02-02 00:00:00",
        "valueDate": "2026-02-02",
        "ownIban": "NL57ASNB0123456789",
        "counterpartyIban": "NL62BANK0000000012",
        "counterpartyName": "Albert Heijn 3",
        "currency": "EUR",
        "amountMinor": -41900,
        "sourceRef": "260202-0942-9990116181-47091",
        "description": "Europese incasso: RCUR XXXXXXXXXXXX-Incassant ID: NL00XXXXXXXXXXXXXX-Kenmerk Machtiging: MXXXXXXXXXXXX-260202-0942-XXXXX EREF+260202-0942-9990116181-47091",
        "sourceRowIndex": 5
    },
    {
        "bookedAt": "2026-02-03 00:00:00",
        "valueDate": "2026-02-03",
        "ownIban": "NL57ASNB0123456789",
        "counterpartyIban": null,
        "counterpartyName": null,
        "currency": "EUR",
        "amountMinor": -2050,
        "sourceRef": "20260203-2441469",
        "description": "BCK*SHELL GENERIC>AMSTERDAM  3.02.2026 15U57 KV006 XXXXXXXX MCC:5541 Google Pay betaling  NLNEDERLAND EREF+20260203-2441469",
        "sourceRowIndex": 6
    },
    {
        "bookedAt": "2026-02-05 00:00:00",
        "valueDate": "2026-02-05",
        "ownIban": "NL57ASNB0123456789",
        "counterpartyIban": "NL89BANK0000000011",
        "counterpartyName": "Coolblue 2",
        "currency": "EUR",
        "amountMinor": 1167,
        "sourceRef": "150034222143",
        "description": "XXXXXXXXXXXX-NL00XXXXXXXXXXXXXX-Coolblue 2-XXXXXXXXXXXX\/KLANT XXXXXXXXX KNMRK XXXXXXXXX\/FACT XXXXXXXXXXX DAT. XXXXXXXX\/  EREF+150034222143",
        "sourceRowIndex": 7
    },
    {
        "bookedAt": "2026-02-01 00:00:00",
        "valueDate": "2026-02-01",
        "ownIban": "NL57ASNB0123456789",
        "counterpartyIban": null,
        "counterpartyName": null,
        "currency": "EUR",
        "amountMinor": -98,
        "sourceRef": "20260205-227303",
        "description": "Rente over negatief saldo tot 01-02-26 min      0,08 niet in rekening gebrachte rente   3 dagen roodstand EREF+20260205-227303",
        "sourceRowIndex": 8
    },
    {
        "bookedAt": "2026-02-11 00:00:00",
        "valueDate": "2026-02-11",
        "ownIban": "NL57ASNB0123456789",
        "counterpartyIban": "NL78BANK0000000015",
        "counterpartyName": "Werkgever B.V. 2",
        "currency": "EUR",
        "amountMinor": -391,
        "sourceRef": "2026-02-11T19:00 7051024167423490",
        "description": "PXXXXXXXXXX XXXXXXXXXXXXXXXX Werkgever B.V. 2 C0000N103F Referentie: 2026-02-11T19:00 XXXXXXXXXXXXXXXX EREF+2026-02-11T19:00 7051024167423490",
        "sourceRowIndex": 9
    },
    {
        "bookedAt": "2026-02-15 00:00:00",
        "valueDate": "2026-02-15",
        "ownIban": "NL57ASNB0123456789",
        "counterpartyIban": "NL45BANK0000000027",
        "counterpartyName": "Bol.com",
        "currency": "EUR",
        "amountMinor": 12500,
        "sourceRef": "20260215-1337416",
        "description": "NL00XXXXXXXXXXXXXX-Bol.com EREF+20260215-1337416",
        "sourceRowIndex": 10
    },
    {
        "bookedAt": "2026-03-10 00:00:00",
        "valueDate": "2026-03-10",
        "ownIban": "NL57ASNB0123456789",
        "counterpartyIban": "NL18BANK0000000028",
        "counterpartyName": "NS Reizigers",
        "currency": "EUR",
        "amountMinor": -3000,
        "sourceRef": "20260310-2451619",
        "description": null,
        "sourceRowIndex": 11
    }
]