[
    {
        "sourceRowIndex": 0,
        "bookedAt": "2026-01-23",
        "postedAt": "2026-01-23",
        "currency": "EUR",
        "amountMinor": 60696,
        "settledAmountMinor": null,
        "settledCurrency": null,
        "counterpartyName": "IDEAL BETALING, DANK U",
        "description": "IDEAL BETALING, DANK U"
    },
    {
        "sourceRowIndex": 1,
        "bookedAt": "2026-01-16",
        "postedAt": "2026-01-15",
        "currency": "EUR",
        "amountMinor": -240,
        "settledAmountMinor": null,
        "settledCurrency": null,
        "counterpartyName": "KOSTEN KASOPNAME",
        "description": "KOSTEN KASOPNAME"
    },
    {
        "sourceRowIndex": 2,
        "bookedAt": "2026-01-16",
        "postedAt": "2026-01-15",
        "currency": "EUR",
        "amountMinor": -6000,
        "settledAmountMinor": null,
        "settledCurrency": null,
        "counterpartyName": "GELDMAAT ROELANTDREEF 239 UTRECHT",
        "description": "GELDMAAT ROELANTDREEF 239                         UTRECHT                         NL"
    },
    {
        "sourceRowIndex": 3,
        "bookedAt": "2026-01-17",
        "postedAt": "2026-01-16",
        "currency": "EUR",
        "amountMinor": -160,
        "settledAmountMinor": null,
        "settledCurrency": null,
        "counterpartyName": "KOSTEN KASOPNAME",
        "description": "KOSTEN KASOPNAME"
    },
    {
        "sourceRowIndex": 4,
        "bookedAt": "2026-01-17",
        "postedAt": "2026-01-16",
        "currency": "EUR",
        "amountMinor": -4000,
        "settledAmountMinor": null,
        "settledCurrency": null,
        "counterpartyName": "GELDMAAT ROELANTDREEF 239 UTRECHT",
        "description": "GELDMAAT ROELANTDREEF 239                         UTRECHT                         NL"
    },
    {
        "sourceRowIndex": 5,
        "bookedAt": "2026-01-18",
        "postedAt": "2026-01-17",
        "currency": "EUR",
        "amountMinor": -6282,
        "settledAmountMinor": null,
        "settledCurrency": null,
        "counterpartyName": "Flink BV Amsterdam",
        "description": "Flink BV                                          Amsterdam                       NL"
    },
    {
        "sourceRowIndex": 6,
        "bookedAt": "2026-01-21",
        "postedAt": "2026-01-20",
        "currency": "EUR",
        "amountMinor": -200,
        "settledAmountMinor": null,
        "settledCurrency": null,
        "counterpartyName": "KOSTEN KASOPNAME",
        "description": "KOSTEN KASOPNAME"
    },
    {
        "sourceRowIndex": 7,
        "bookedAt": "2026-01-21",
        "postedAt": "2026-01-20",
        "currency": "EUR",
        "amountMinor": -5000,
        "settledAmountMinor": null,
        "settledCurrency": null,
        "counterpartyName": "GELDMAAT ROELANTDREEF 239 UTRECHT",
        "description": "GELDMAAT ROELANTDREEF 239                         UTRECHT                         NL"
    },
    {
        "sourceRowIndex": 8,
        "bookedAt": "2026-01-22",
        "postedAt": "2026-01-21",
        "currency": "EUR",
        "amountMinor": -200,
        "settledAmountMinor": null,
        "settledCurrency": null,
        "counterpartyName": "KOSTEN KASOPNAME",
        "description": "KOSTEN KASOPNAME"
    },
    {
        "sourceRowIndex": 9,
        "bookedAt": "2026-01-22",
        "postedAt": "2026-01-21",
        "currency": "EUR",
        "amountMinor": -5000,
        "settledAmountMinor": null,
        "settledCurrency": null,
        "counterpartyName": "GELDMAAT ROELANTDREEF 239 UTRECHT",
        "description": "GELDMAAT ROELANTDREEF 239                         UTRECHT                         NL"
    },
    {
        "sourceRowIndex": 10,
        "bookedAt": "2026-01-24",
        "postedAt": "2026-01-23",
        "currency": "USD",
        "amountMinor": -5000,
        "settledAmountMinor": -4371,
        "settledCurrency": "EUR",
        "counterpartyName": "AUGMENT CODE WWW.AUGMENTCO",
        "description": "AUGMENT CODE                                      WWW.AUGMENTCO                   US"
    },
    {
        "sourceRowIndex": 11,
        "bookedAt": "2026-01-25",
        "postedAt": "2026-01-24",
        "currency": "EUR",
        "amountMinor": -499,
        "settledAmountMinor": null,
        "settledCurrency": null,
        "counterpartyName": "AmznPrimeNL*9P7AU4V05 www.amazon.nl",
        "description": "AmznPrimeNL*9P7AU4V05                             www.amazon.nl                   LU"
    },
    {
        "sourceRowIndex": 12,
        "bookedAt": "2026-01-27",
        "postedAt": "2026-01-26",
        "currency": "GBP",
        "amountMinor": -899,
        "settledAmountMinor": -1059,
        "settledCurrency": "EUR",
        "counterpartyName": "Audible UK adbl.co\/pymt",
        "description": "Audible UK                                        adbl.co\/pymt                    GB"
    },
    {
        "sourceRowIndex": 13,
        "bookedAt": "2026-01-27",
        "postedAt": "2026-01-27",
        "currency": "USD",
        "amountMinor": -600,
        "settledAmountMinor": -517,
        "settledCurrency": "EUR",
        "counterpartyName": "VITRUS THERAPY-GECKO",
        "description": "VITRUS                                            THERAPY-GECKO                   US"
    },
    {
        "sourceRowIndex": 14,
        "bookedAt": "2026-01-29",
        "postedAt": "2026-01-28",
        "currency": "EUR",
        "amountMinor": -2178,
        "settledAmountMinor": null,
        "settledCurrency": null,
        "counterpartyName": "CLAUDE.AI SUBSCRIPTION ANTHROPIC.COM",
        "description": "CLAUDE.AI SUBSCRIPTION                            ANTHROPIC.COM                   US"
    },
    {
        "sourceRowIndex": 15,
        "bookedAt": "2026-01-30",
        "postedAt": "2026-01-29",
        "currency": "EUR",
        "amountMinor": -4014,
        "settledAmountMinor": null,
        "settledCurrency": null,
        "counterpartyName": "Flink BV Amsterdam",
        "description": "Flink BV                                          Amsterdam                       NL"
    },
    {
        "sourceRowIndex": 16,
        "bookedAt": "2026-01-31",
        "postedAt": "2026-01-30",
        "currency": "EUR",
        "amountMinor": -400,
        "settledAmountMinor": null,
        "settledCurrency": null,
        "counterpartyName": "KOSTEN KASOPNAME",
        "description": "KOSTEN KASOPNAME"
    },
    {
        "sourceRowIndex": 17,
        "bookedAt": "2026-01-31",
        "postedAt": "2026-01-30",
        "currency": "EUR",
        "amountMinor": -10000,
        "settledAmountMinor": null,
        "settledCurrency": null,
        "counterpartyName": "GELDMAAT ROELANTDREEF 239 UTRECHT",
        "description": "GELDMAAT ROELANTDREEF 239                         UTRECHT                         NL"
    },
    {
        "sourceRowIndex": 18,
        "bookedAt": "2026-01-31",
        "postedAt": "2026-01-30",
        "currency": "EUR",
        "amountMinor": -4270,
        "settledAmountMinor": null,
        "settledCurrency": null,
        "counterpartyName": "Flink BV Amsterdam",
        "description": "Flink BV                                          Amsterdam                       NL"
    },
    {
        "sourceRowIndex": 19,
        "bookedAt": "2026-01-31",
        "postedAt": "2026-01-30",
        "currency": "EUR",
        "amountMinor": -19744,
        "settledAmountMinor": null,
        "settledCurrency": null,
        "counterpartyName": "CLAUDE.AI SUBSCRIPTION ANTHROPIC.COM",
        "description": "CLAUDE.AI SUBSCRIPTION                            ANTHROPIC.COM                   US"
    },
    {
        "sourceRowIndex": 20,
        "bookedAt": "2026-02-01",
        "postedAt": "2026-01-31",
        "currency": "EUR",
        "amountMinor": -549,
        "settledAmountMinor": null,
        "settledCurrency": null,
        "counterpartyName": "Prime Video *ZP3254365 primevideo.nl",
        "description": "Prime Video *ZP3254365                            primevideo.nl                   GB"
    },
    {
        "sourceRowIndex": 21,
        "bookedAt": "2026-02-02",
        "postedAt": "2026-02-01",
        "currency": "EUR",
        "amountMinor": -520,
        "settledAmountMinor": null,
        "settledCurrency": null,
        "counterpartyName": "KOSTEN KASOPNAME",
        "description": "KOSTEN KASOPNAME"
    },
    {
        "sourceRowIndex": 22,
        "bookedAt": "2026-02-02",
        "postedAt": "2026-02-01",
        "currency": "EUR",
        "amountMinor": -13000,
        "settledAmountMinor": null,
        "settledCurrency": null,
        "counterpartyName": "GELDMAAT ROELANTDREEF 239 UTRECHT",
        "description": "GELDMAAT ROELANTDREEF 239            UTRECHT             NL"
    },
    {
        "sourceRowIndex": 23,
        "bookedAt": "2026-02-02",
        "postedAt": "2026-02-01",
        "currency": "EUR",
        "amountMinor": -9720,
        "settledAmountMinor": null,
        "settledCurrency": null,
        "counterpartyName": "GOOGLE*WORKSPACE SAMEN CC GOOGLE.COM",
        "description": "GOOGLE*WORKSPACE SAMEN               CC GOOGLE.COM       IE"
    },
    {
        "sourceRowIndex": 24,
        "bookedAt": "2026-02-03",
        "postedAt": "2026-02-02",
        "currency": "EUR",
        "amountMinor": -240,
        "settledAmountMinor": null,
        "settledCurrency": null,
        "counterpartyName": "KOSTEN KASOPNAME",
        "description": "KOSTEN KASOPNAME"
    },
    {
        "sourceRowIndex": 25,
        "bookedAt": "2026-02-03",
        "postedAt": "2026-02-02",
        "currency": "EUR",
        "amountMinor": -6000,
        "settledAmountMinor": null,
        "settledCurrency": null,
        "counterpartyName": "GELDMAAT ROELANTDREEF 239 UTRECHT",
        "description": "GELDMAAT ROELANTDREEF 239            UTRECHT             NL"
    },
    {
        "sourceRowIndex": 26,
        "bookedAt": "2026-02-03",
        "postedAt": "2026-02-02",
        "currency": "EUR",
        "amountMinor": -1087,
        "settledAmountMinor": null,
        "settledCurrency": null,
        "counterpartyName": "OVHcloud Amsterdam-Zui",
        "description": "OVHcloud                             Amsterdam-Zui       NL"
    },
    {
        "sourceRowIndex": 27,
        "bookedAt": "2026-02-05",
        "postedAt": "2026-02-04",
        "currency": "EUR",
        "amountMinor": -5763,
        "settledAmountMinor": null,
        "settledCurrency": null,
        "counterpartyName": "Flink BV Amsterdam",
        "description": "Flink BV                             Amsterdam           NL"
    },
    {
        "sourceRowIndex": 28,
        "bookedAt": "2026-02-07",
        "postedAt": "2026-02-06",
        "currency": "EUR",
        "amountMinor": -2553,
        "settledAmountMinor": null,
        "settledCurrency": null,
        "counterpartyName": "Thuisbezorgd.nl ThuisBezo Utrecht",
        "description": "Thuisbezorgd.nl ThuisBezo            Utrecht             NL"
    },
    {
        "sourceRowIndex": 29,
        "bookedAt": "2026-02-08",
        "postedAt": "2026-02-07",
        "currency": "EUR",
        "amountMinor": -6096,
        "settledAmountMinor": null,
        "settledCurrency": null,
        "counterpartyName": "Flink BV Amsterdam",
        "description": "Flink BV                             Amsterdam           NL"
    },
    {
        "sourceRowIndex": 30,
        "bookedAt": "2026-02-08",
        "postedAt": "2026-02-07",
        "currency": "EUR",
        "amountMinor": -4400,
        "settledAmountMinor": null,
        "settledCurrency": null,
        "counterpartyName": "GGPoker ggpoker.nl",
        "description": "GGPoker                              ggpoker.nl          MT"
    },
    {
        "sourceRowIndex": 31,
        "bookedAt": "2026-02-11",
        "postedAt": "2026-02-07",
        "currency": "EUR",
        "amountMinor": -1249,
        "settledAmountMinor": null,
        "settledCurrency": null,
        "counterpartyName": "PAYPAL *JAGEX LTD KLANTNUMMER",
        "description": "PAYPAL *JAGEX LTD                    KLANTNUMMER         GB"
    },
    {
        "sourceRowIndex": 32,
        "bookedAt": "2026-02-10",
        "postedAt": "2026-02-09",
        "currency": "EUR",
        "amountMinor": -2380,
        "settledAmountMinor": null,
        "settledCurrency": null,
        "counterpartyName": "Thuisbezorgd.nl ThuisBezo Utrecht",
        "description": "Thuisbezorgd.nl ThuisBezo            Utrecht             NL"
    },
    {
        "sourceRowIndex": 33,
        "bookedAt": "2026-02-11",
        "postedAt": "2026-02-10",
        "currency": "EUR",
        "amountMinor": -1200,
        "settledAmountMinor": null,
        "settledCurrency": null,
        "counterpartyName": "CANVA* I04788-54202392 CANVA.COM",
        "description": "CANVA* I04788-54202392               CANVA.COM           US"
    },
    {
        "sourceRowIndex": 34,
        "bookedAt": "2026-02-12",
        "postedAt": "2026-02-11",
        "currency": "EUR",
        "amountMinor": -5093,
        "settledAmountMinor": null,
        "settledCurrency": null,
        "counterpartyName": "Flink BV Amsterdam",
        "description": "Flink BV                             Amsterdam           NL"
    },
    {
        "sourceRowIndex": 35,
        "bookedAt": "2026-02-13",
        "postedAt": "2026-02-12",
        "currency": "EUR",
        "amountMinor": -240,
        "settledAmountMinor": null,
        "settledCurrency": null,
        "counterpartyName": "KOSTEN KASOPNAME",
        "description": "KOSTEN KASOPNAME"
    },
    {
        "sourceRowIndex": 36,
        "bookedAt": "2026-02-13",
        "postedAt": "2026-02-12",
        "currency": "EUR",
        "amountMinor": -6000,
        "settledAmountMinor": null,
        "settledCurrency": null,
        "counterpartyName": "GELDMAAT ROELANTDREEF 239 UTRECHT",
        "description": "GELDMAAT ROELANTDREEF 239            UTRECHT             NL"
    },
    {
        "sourceRowIndex": 37,
        "bookedAt": "2026-02-13",
        "postedAt": "2026-02-12",
        "currency": "EUR",
        "amountMinor": -1426,
        "settledAmountMinor": null,
        "settledCurrency": null,
        "counterpartyName": "Thuisbezorgd.nl ThuisBezo Utrecht",
        "description": "Thuisbezorgd.nl ThuisBezo            Utrecht             NL"
    }
]